{"u_token":"7eBj9xbhYZHsm0zdzi4p8oaJAQmqEHXY","part_number":"MCP1702T-5002E/CB","manufacturer":"Microchip Technology","mode":"place-part","plugin":".snap","source":"https://www.snapeda.com"}